../Core/Src/Driver_Library/Waveshare_LCD.c:10:13:RST_High	16	static
../Core/Src/Driver_Library/Waveshare_LCD.c:13:13:RST_Low	16	static
../Core/Src/Driver_Library/Waveshare_LCD.c:16:13:CS_High	16	static
../Core/Src/Driver_Library/Waveshare_LCD.c:19:13:CS_Low	16	static
../Core/Src/Driver_Library/Waveshare_LCD.c:22:13:DC_High	16	static
../Core/Src/Driver_Library/Waveshare_LCD.c:25:13:DC_Low	16	static
../Core/Src/Driver_Library/Waveshare_LCD.c:28:13:DEV_SPI_WRITE	16	static
../Core/Src/Driver_Library/Waveshare_LCD.c:33:13:DEV_Module_Init	16	static
../Core/Src/Driver_Library/Waveshare_LCD.c:57:6:Paint_NewImage	24	static
../Core/Src/Driver_Library/Waveshare_LCD.c:82:6:Paint_SetRotate	16	static
../Core/Src/Driver_Library/Waveshare_LCD.c:98:6:Paint_SetMirroring	16	static
../Core/Src/Driver_Library/Waveshare_LCD.c:118:6:Paint_SetPixel	32	static
../Core/Src/Driver_Library/Waveshare_LCD.c:181:6:Paint_Clear	16	static
../Core/Src/Driver_Library/Waveshare_LCD.c:194:6:Paint_ClearWindows	32	static
../Core/Src/Driver_Library/Waveshare_LCD.c:212:6:Paint_DrawPoint	32	static
../Core/Src/Driver_Library/Waveshare_LCD.c:248:6:Paint_DrawLine	64	static
../Core/Src/Driver_Library/Waveshare_LCD.c:305:6:Paint_DrawRectangle	48	static
../Core/Src/Driver_Library/Waveshare_LCD.c:337:6:Paint_DrawCircle	40	static
../Core/Src/Driver_Library/Waveshare_LCD.c:405:6:Paint_DrawImage	40	static
../Core/Src/Driver_Library/Waveshare_LCD.c:420:6:Paint_SetClearFuntion	16	static
../Core/Src/Driver_Library/Waveshare_LCD.c:425:6:Paint_SetDisplayFuntion	16	static
../Core/Src/Driver_Library/Waveshare_LCD.c:430:6:ST77xx_WriteChar	40	static
../Core/Src/Driver_Library/Waveshare_LCD.c:448:6:__ST77xx_WriteChar	40	static
../Core/Src/Driver_Library/Waveshare_LCD.c:466:6:ST77xx_WriteString	40	static
../Core/Src/Driver_Library/Waveshare_LCD.c:495:6:ST77xx_WriteInteger_1Value	40	static
../Core/Src/Driver_Library/Waveshare_LCD.c:502:6:ST77xx_WriteInteger_2Values	40	static
../Core/Src/Driver_Library/Waveshare_LCD.c:515:6:ST77xx_DrawHorizontalLine	40	static
../Core/Src/Driver_Library/Waveshare_LCD.c:524:6:ST77xx_DrawVerticalLine	40	static
../Core/Src/Driver_Library/Waveshare_LCD.c:533:6:ST77xx_DeleteNumber	48	static
../Core/Src/Driver_Library/Waveshare_LCD.c:560:6:LCD_1IN14_Reset	16	static
../Core/Src/Driver_Library/Waveshare_LCD.c:569:6:LCD_1IN14_SendCommand	16	static
../Core/Src/Driver_Library/Waveshare_LCD.c:575:6:LCD_1IN14_SendData_8Bit	16	static
../Core/Src/Driver_Library/Waveshare_LCD.c:582:6:LCD_1IN14_SendData_16Bit	16	static
../Core/Src/Driver_Library/Waveshare_LCD.c:590:6:LCD_1IN14_SetAttributes	24	static
../Core/Src/Driver_Library/Waveshare_LCD.c:611:6:LCD_1IN14_InitReg	16	static
../Core/Src/Driver_Library/Waveshare_LCD.c:687:6:LCD_1IN14_Init	16	static
../Core/Src/Driver_Library/Waveshare_LCD.c:698:6:LCD_1IN14_SetWindows	32	static
../Core/Src/Driver_Library/Waveshare_LCD.c:715:6:LCD_1IN14_Clear	32	static
../Core/Src/Driver_Library/Waveshare_LCD.c:728:6:LCD_1IN14_Display	32	static
../Core/Src/Driver_Library/Waveshare_LCD.c:740:6:LCD_1IN14_DisplayWindows	40	static
../Core/Src/Driver_Library/Waveshare_LCD.c:758:6:LCD_1IN14_DrawPaint	32	static
../Core/Src/Driver_Library/Waveshare_LCD.c:764:6:LCD_1IN14_SetScrollArea	24	static
../Core/Src/Driver_Library/Waveshare_LCD.c:773:6:LCD_1IN14_SetScroll	16	static
../Core/Src/Driver_Library/Waveshare_LCD.c:779:6:LCD_1IN14_InitScreen_2Values	24	static
../Core/Src/Driver_Library/Waveshare_LCD.c:787:6:LCD_1IN14_InitScreen_6Values	32	static
../Core/Src/Driver_Library/Waveshare_LCD.c:797:6:Paint_ClearDMA	64	dynamic
../Core/Src/Driver_Library/Waveshare_LCD.c:814:6:Display_1IN14_Screen_2Values	32	static
../Core/Src/Driver_Library/Waveshare_LCD.c:855:6:Display_1IN14_Screen_6Values	40	static
