12:58:48 **** Incremental Build of configuration Debug for project CAN ****
make -j16 all 
arm-none-eabi-gcc -o "CAN.elf" @"objects.list"   -mcpu=cortex-m4 -T"C:\Users\Admin\Desktop\STM32_Driver\CAN\STM32F407VGTX_FLASH.ld" --specs=nosys.specs -Wl,-Map="CAN.map" -Wl,--gc-sections -static --specs=nano.specs -mfpu=fpv4-sp-d16 -mfloat-abi=hard -mthumb -Wl,--start-group -lc -lm -Wl,--end-group
Finished building target: CAN.elf
 
arm-none-eabi-size   CAN.elf 
arm-none-eabi-objdump -h -S  CAN.elf  > "CAN.list"
   text	   data	    bss	    dec	    hex	filename
   6296	     12	   1580	   7888	   1ed0	CAN.elf
Finished building: default.size.stdout
 
Finished building: CAN.list
 

12:58:49 Build Finished. 0 errors, 0 warnings. (took 534ms)

