16:41:39 **** Incremental Build of configuration Debug for project CAN_F4 ****
make -j16 all 
arm-none-eabi-gcc "../Core/Src/Driver_Library/Queue_LL.c" -mcpu=cortex-m4 -std=gnu11 -g3 -DDEBUG -DUSE_HAL_DRIVER -DSTM32F407xx -c -I../Core/Inc -I"C:/Users/Admin/Desktop/STM32_Driver/CAN_F4/Core/Src/Buffer" -I"C:/Users/Admin/Desktop/STM32_Driver/CAN_F4/Core/Src/Console" -I"C:/Users/Admin/Desktop/STM32_Driver/CAN_F4/Core/Src/Driver_Library" -I../Drivers/STM32F4xx_HAL_Driver/Inc -I../Drivers/STM32F4xx_HAL_Driver/Inc/Legacy -I../Drivers/CMSIS/Device/ST/STM32F4xx/Include -I../Drivers/CMSIS/Include -O0 -ffunction-sections -fdata-sections -Wall -fstack-usage -MMD -MP -MF"Core/Src/Driver_Library/Queue_LL.d" -MT"Core/Src/Driver_Library/Queue_LL.o" --specs=nano.specs -mfpu=fpv4-sp-d16 -mfloat-abi=hard -mthumb -o "Core/Src/Driver_Library/Queue_LL.o"
arm-none-eabi-gcc -o "CAN_F4.elf" @"objects.list"   -mcpu=cortex-m4 -T"C:\Users\Admin\Desktop\STM32_Driver\CAN_F4\STM32F407VGTX_FLASH.ld" --specs=nosys.specs -Wl,-Map="CAN_F4.map" -Wl,--gc-sections -static --specs=nano.specs -mfpu=fpv4-sp-d16 -mfloat-abi=hard -mthumb -Wl,--start-group -lc -lm -Wl,--end-group
Finished building target: CAN_F4.elf
 
arm-none-eabi-size   CAN_F4.elf 
arm-none-eabi-objdump -h -S  CAN_F4.elf  > "CAN_F4.list"
   text	   data	    bss	    dec	    hex	filename
   6404	     12	   1580	   7996	   1f3c	CAN_F4.elf
Finished building: default.size.stdout
 
Finished building: CAN_F4.list
 

16:41:39 Build Finished. 0 errors, 0 warnings. (took 523ms)

