17:48:37 **** Incremental Build of configuration Debug for project DAC ****
make -j16 all 
arm-none-eabi-gcc "../Core/Src/Console/DAC_Console.c" -mcpu=cortex-m4 -std=gnu11 -g3 -DDEBUG -DUSE_HAL_DRIVER -DSTM32F407xx -c -I../Core/Inc -I"C:/Users/Admin/Desktop/STM32_Driver/DAC/Core/Src/Buffer" -I"C:/Users/Admin/Desktop/STM32_Driver/DAC/Core/Src/Console" -I"C:/Users/Admin/Desktop/STM32_Driver/DAC/Core/Src/Driver_Library" -I../Drivers/STM32F4xx_HAL_Driver/Inc -I../Drivers/STM32F4xx_HAL_Driver/Inc/Legacy -I../Drivers/CMSIS/Device/ST/STM32F4xx/Include -I../Drivers/CMSIS/Include -O0 -ffunction-sections -fdata-sections -Wall -fstack-usage -MMD -MP -MF"Core/Src/Console/DAC_Console.d" -MT"Core/Src/Console/DAC_Console.o" --specs=nano.specs -mfpu=fpv4-sp-d16 -mfloat-abi=hard -mthumb -o "Core/Src/Console/DAC_Console.o"
arm-none-eabi-gcc -o "DAC.elf" @"objects.list"   -mcpu=cortex-m4 -T"C:\Users\Admin\Desktop\STM32_Driver\DAC\STM32F407VGTX_FLASH.ld" --specs=nosys.specs -Wl,-Map="DAC.map" -Wl,--gc-sections -static --specs=nano.specs -mfpu=fpv4-sp-d16 -mfloat-abi=hard -mthumb -Wl,--start-group -lc -lm -Wl,--end-group
Finished building target: DAC.elf
 
arm-none-eabi-size   DAC.elf 
arm-none-eabi-objdump -h -S  DAC.elf  > "DAC.list"
   text	   data	    bss	    dec	    hex	filename
   8676	     12	   1732	  10420	   28b4	DAC.elf
Finished building: default.size.stdout
 
Finished building: DAC.list
 
