22:36:05 **** Incremental Build of configuration Debug for project SDIO_I2S ****
make -j16 all 
arm-none-eabi-gcc "../Core/Src/Console/Audio_Console.c" -mcpu=cortex-m4 -std=gnu11 -g3 -DDEBUG -DUSE_HAL_DRIVER -DSTM32F407xx -c -I../Core/Inc -I"C:/Users/Admin/Desktop/STM32_Driver/SDIO_I2S/FATFS" -I"C:/Users/Admin/Desktop/STM32_Driver/SDIO_I2S/Core/Src/Buffer" -I"C:/Users/Admin/Desktop/STM32_Driver/SDIO_I2S/Core/Src/Console" -I"C:/Users/Admin/Desktop/STM32_Driver/SDIO_I2S/Core/Src/Driver_Library" -I../Drivers/STM32F4xx_HAL_Driver/Inc -I../Drivers/STM32F4xx_HAL_Driver/Inc/Legacy -I../Drivers/CMSIS/Device/ST/STM32F4xx/Include -I../Drivers/CMSIS/Include -I../FATFS/Target -I../FATFS/App -I../Middlewares/Third_Party/FatFs/src -O0 -ffunction-sections -fdata-sections -Wall -fstack-usage -MMD -MP -MF"Core/Src/Console/Audio_Console.d" -MT"Core/Src/Console/Audio_Console.o" --specs=nano.specs -mfpu=fpv4-sp-d16 -mfloat-abi=hard -mthumb -o "Core/Src/Console/Audio_Console.o"
arm-none-eabi-gcc "../Core/Src/Buffer/Audio_Process.c" -mcpu=cortex-m4 -std=gnu11 -g3 -DDEBUG -DUSE_HAL_DRIVER -DSTM32F407xx -c -I../Core/Inc -I"C:/Users/Admin/Desktop/STM32_Driver/SDIO_I2S/FATFS" -I"C:/Users/Admin/Desktop/STM32_Driver/SDIO_I2S/Core/Src/Buffer" -I"C:/Users/Admin/Desktop/STM32_Driver/SDIO_I2S/Core/Src/Console" -I"C:/Users/Admin/Desktop/STM32_Driver/SDIO_I2S/Core/Src/Driver_Library" -I../Drivers/STM32F4xx_HAL_Driver/Inc -I../Drivers/STM32F4xx_HAL_Driver/Inc/Legacy -I../Drivers/CMSIS/Device/ST/STM32F4xx/Include -I../Drivers/CMSIS/Include -I../FATFS/Target -I../FATFS/App -I../Middlewares/Third_Party/FatFs/src -O0 -ffunction-sections -fdata-sections -Wall -fstack-usage -MMD -MP -MF"Core/Src/Buffer/Audio_Process.d" -MT"Core/Src/Buffer/Audio_Process.o" --specs=nano.specs -mfpu=fpv4-sp-d16 -mfloat-abi=hard -mthumb -o "Core/Src/Buffer/Audio_Process.o"
../Core/Src/Buffer/Audio_Process.c: In function 'Audio_Process_':
../Core/Src/Buffer/Audio_Process.c:48:30: warning: unknown escape sequence: '\A'
   48 |   PlayWavFile("0:\Audio1.wav");
      |                              ^
../Core/Src/Buffer/Audio_Process.c:51:30: warning: unknown escape sequence: '\A'
   51 |   PlayWavFile("0:\Audio2.wav");
      |                              ^
arm-none-eabi-gcc -o "SDIO_I2S.elf" @"objects.list"   -mcpu=cortex-m4 -T"C:\Users\Admin\Desktop\STM32_Driver\SDIO_I2S\STM32F407VGTX_FLASH.ld" --specs=nosys.specs -Wl,-Map="SDIO_I2S.map" -Wl,--gc-sections -static --specs=nano.specs -mfpu=fpv4-sp-d16 -mfloat-abi=hard -mthumb -u _printf_float -u _scanf_float -Wl,--start-group -lc -lm -Wl,--end-group
Finished building target: SDIO_I2S.elf
 
arm-none-eabi-size   SDIO_I2S.elf 
arm-none-eabi-objdump -h -S  SDIO_I2S.elf  > "SDIO_I2S.list"
arm-none-eabi-objcopy  -O ihex  SDIO_I2S.elf  "SDIO_I2S.hex"
arm-none-eabi-objcopy  -O binary  SDIO_I2S.elf  "SDIO_I2S.bin"
   text	   data	    bss	    dec	    hex	filename
  43948	    480	  10080	  54508	   d4ec	SDIO_I2S.elf
Finished building: default.size.stdout
 
Finished building: SDIO_I2S.hex
Finished building: SDIO_I2S.bin
 
 
Finished building: SDIO_I2S.list
 

22:36:05 Build Finished. 0 errors, 2 warnings. (took 787ms)

