22:15:40 **** Incremental Build of configuration Debug for project SPI ****
make -j16 all 
arm-none-eabi-gcc "../Core/Src/Console/SPI_Console.c" -mcpu=cortex-m4 -std=gnu11 -g3 -DDEBUG -DUSE_HAL_DRIVER -DSTM32F407xx -c -I../Core/Inc -I"C:/Users/Admin/Desktop/STM32_Driver/SPI/Core/Src/Buffer" -I"C:/Users/Admin/Desktop/STM32_Driver/SPI/Core/Src/Console" -I"C:/Users/Admin/Desktop/STM32_Driver/SPI/Core/Src/Driver_Library" -I../Drivers/STM32F4xx_HAL_Driver/Inc -I../Drivers/STM32F4xx_HAL_Driver/Inc/Legacy -I../Drivers/CMSIS/Device/ST/STM32F4xx/Include -I../Drivers/CMSIS/Include -O0 -ffunction-sections -fdata-sections -Wall -fstack-usage -MMD -MP -MF"Core/Src/Console/SPI_Console.d" -MT"Core/Src/Console/SPI_Console.o" --specs=nano.specs -mfpu=fpv4-sp-d16 -mfloat-abi=hard -mthumb -o "Core/Src/Console/SPI_Console.o"
arm-none-eabi-gcc "../Core/Src/Buffer/SPI_Hall_Sensor.c" -mcpu=cortex-m4 -std=gnu11 -g3 -DDEBUG -DUSE_HAL_DRIVER -DSTM32F407xx -c -I../Core/Inc -I"C:/Users/Admin/Desktop/STM32_Driver/SPI/Core/Src/Buffer" -I"C:/Users/Admin/Desktop/STM32_Driver/SPI/Core/Src/Console" -I"C:/Users/Admin/Desktop/STM32_Driver/SPI/Core/Src/Driver_Library" -I../Drivers/STM32F4xx_HAL_Driver/Inc -I../Drivers/STM32F4xx_HAL_Driver/Inc/Legacy -I../Drivers/CMSIS/Device/ST/STM32F4xx/Include -I../Drivers/CMSIS/Include -O0 -ffunction-sections -fdata-sections -Wall -fstack-usage -MMD -MP -MF"Core/Src/Buffer/SPI_Hall_Sensor.d" -MT"Core/Src/Buffer/SPI_Hall_Sensor.o" --specs=nano.specs -mfpu=fpv4-sp-d16 -mfloat-abi=hard -mthumb -o "Core/Src/Buffer/SPI_Hall_Sensor.o"
arm-none-eabi-gcc "../Core/Src/main.c" -mcpu=cortex-m4 -std=gnu11 -g3 -DDEBUG -DUSE_HAL_DRIVER -DSTM32F407xx -c -I../Core/Inc -I"C:/Users/Admin/Desktop/STM32_Driver/SPI/Core/Src/Buffer" -I"C:/Users/Admin/Desktop/STM32_Driver/SPI/Core/Src/Console" -I"C:/Users/Admin/Desktop/STM32_Driver/SPI/Core/Src/Driver_Library" -I../Drivers/STM32F4xx_HAL_Driver/Inc -I../Drivers/STM32F4xx_HAL_Driver/Inc/Legacy -I../Drivers/CMSIS/Device/ST/STM32F4xx/Include -I../Drivers/CMSIS/Include -O0 -ffunction-sections -fdata-sections -Wall -fstack-usage -MMD -MP -MF"Core/Src/main.d" -MT"Core/Src/main.o" --specs=nano.specs -mfpu=fpv4-sp-d16 -mfloat-abi=hard -mthumb -o "Core/Src/main.o"
arm-none-eabi-gcc -o "SPI.elf" @"objects.list"   -mcpu=cortex-m4 -T"C:\Users\Admin\Desktop\STM32_Driver\SPI\STM32F407VGTX_FLASH.ld" --specs=nosys.specs -Wl,-Map="SPI.map" -Wl,--gc-sections -static --specs=nano.specs -mfpu=fpv4-sp-d16 -mfloat-abi=hard -mthumb -Wl,--start-group -lc -lm -Wl,--end-group
Finished building target: SPI.elf
 
arm-none-eabi-size   SPI.elf 
arm-none-eabi-objdump -h -S  SPI.elf  > "SPI.list"
   text	   data	    bss	    dec	    hex	filename
   8192	     12	   1812	  10016	   2720	SPI.elf
Finished building: default.size.stdout
 
Finished building: SPI.list
 

22:15:40 Build Finished. 0 errors, 0 warnings. (took 670ms)

